stm32wbxx_ll_system.h:2176:26:LL_FLASH_GetUDN	4	static
stm32wbxx_ll_system.h:2188:26:LL_FLASH_GetDeviceID	4	static
stm32wbxx_ll_system.h:2200:26:LL_FLASH_GetSTCompanyID	4	static
app_ble.c:382:6:APP_BLE_Init	64	static
app_ble.c:507:28:SVCCTL_App_Notification	48	static
app_ble.c:691:22:APP_BLE_Get_Server_Connection_Status	4	static
app_ble.c:704:13:Ble_Tl_Init	16	static
app_ble.c:715:13:Ble_Hci_Gap_Gatt_Init	88	static
app_ble.c:857:13:Adv_Request	56	static
app_ble.c:942:16:BleGetBdAddress	32	static
app_ble.c:992:13:Adv_Cancel	16	static
app_ble.c:1024:13:Adv_Cancel_Req	8	static
app_ble.c:1036:13:Switch_OFF_GPIO	4	static
app_ble.c:1095:6:hci_notify_asynch_evt	16	static
app_ble.c:1101:6:hci_cmd_resp_release	16	static
app_ble.c:1107:6:hci_cmd_resp_wait	16	static
app_ble.c:1113:13:BLE_UserEvtRx	24	static
app_ble.c:1131:13:BLE_StatusNot	24	static
app_ble.c:1162:6:SVCCTL_ResumeUserEventFlow	8	static
