stm32wbxx_ll_exti.h:348:22:LL_EXTI_EnableIT_32_63	16	static
stm32wbxx_ll_exti.h:374:22:LL_C2_EXTI_EnableIT_32_63	16	static
stm32wbxx_ll_rcc.h:2331:22:LL_RCC_SetClkAfterWakeFromStop	16	static
app_entry.c:85:6:APPE_Init	8	static
app_entry.c:115:13:Init_Debug	8	static
app_entry.c:165:13:SystemPower_Config	8	static
app_entry.c:186:13:appe_Tl_Init	40	static
app_entry.c:211:13:APPE_SysStatusNot	16	static
app_entry.c:226:13:APPE_SysUserEvtRx	16	static
app_entry.c:247:6:UTIL_SEQ_Idle	4	static
app_entry.c:262:6:UTIL_SEQ_EvtIdle	16	static
app_entry.c:267:6:shci_notify_asynch_evt	16	static
app_entry.c:273:6:shci_cmd_resp_release	16	static
app_entry.c:279:6:shci_cmd_resp_wait	16	static
