i2c_bus.h:26:10:void i2c_bus::complete_transfer()	16	static
i2c_bus.h:27:10:void i2c_bus::setError(uint32_t)	16	static
i2c_bus.cpp:40:1:i2c_bus::i2c_bus()	16	static
i2c_bus.cpp:59:1:i2c_bus::~i2c_bus()	16	static
i2c_bus.cpp:66:21:void __tcf_0()	8	static
i2c_bus.cpp:64:10:static i2c_bus& i2c_bus::GetInstance()	8	static
i2c_bus.cpp:70:6:void i2c_bus::setHandle(I2C_HandleTypeDef*)	16	static
i2c_bus.cpp:75:6:void i2c_bus::init(uint8_t)	16	static
i2c_bus.cpp:80:19:HAL_StatusTypeDef i2c_bus::write(uint8_t*, uint8_t)	32	static
i2c_bus.cpp:88:19:HAL_StatusTypeDef i2c_bus::read(uint8_t*, uint8_t)	32	static
i2c_bus.cpp:96:6:void HAL_I2C_MasterTxCpltCallback(I2C_HandleTypeDef*)	16	static
i2c_bus.cpp:101:6:void HAL_I2C_MasterRxCpltCallback(I2C_HandleTypeDef*)	16	static
i2c_bus.cpp:106:6:void HAL_I2C_ErrorCallback(I2C_HandleTypeDef*)	16	static
