gthr-default.h:229:1:int __gthread_key_delete(__gthread_key_t)	16	static
THPSensor.h:70:10:void THPSensor::setTemperatureNotifyStatus(uint8_t)	16	static
THPSensor.h:71:10:void THPSensor::setPressureNotifyStatus(uint8_t)	16	static
THPSensor.h:72:10:void THPSensor::setHumidityNotifyStatus(uint8_t)	16	static
interface.cpp:21:6:void Tick()	8	static
interface.cpp:26:6:void InitSensorTask(I2C_HandleTypeDef*)	24	static
interface.cpp:33:6:void RunSensorTask()	8	static
interface.cpp:38:6:void SetTemperatureNotificationStatus(uint8_t)	16	static
interface.cpp:43:6:void SetPressureNotificationStatus(uint8_t)	16	static
interface.cpp:48:6:void SetHumidityNotificationStatus(uint8_t)	16	static
interface.cpp:53:6:void InitServoMotor()	32	static
interface.cpp:58:6:void SetServoMotorPosition(uint16_t)	16	static
interface.cpp:63:10:uint16_t GetServoMotorPosition()	8	static
