stm32wbxx_ll_rcc.h:1665:22:LL_RCC_LSE_SetDriveCapability	16	static
stm32wbxx_ll_bus.h:340:22:LL_AHB1_GRP1_EnableClock	24	static
stm32wbxx_ll_bus.h:508:22:LL_AHB2_GRP1_EnableClock	24	static
main.c:84:6:SVCCTL_SvcInit	8	static
main.c:129:5:main	8	static
main.c:192:6:SystemClock_Config	192	static
main.c:277:13:MX_I2C1_Init	8	static
main.c:323:13:MX_RF_Init	4	static
main.c:344:13:MX_RTC_Init	8	static
main.c:375:13:MX_TIM2_Init	40	static
main.c:420:13:MX_TIM16_Init	80	static
main.c:483:13:MX_USART1_UART_Init	8	static
main.c:531:13:MX_USB_PCD_Init	8	static
main.c:562:13:MX_DMA_Init	8	static
main.c:584:13:MX_GPIO_Init	32	static
main.c:646:6:Error_Handler	4	static
