stm32wbxx_ll_rcc.h:1347:22:LL_RCC_HSE_SetCapacitorTuning	16	static
stm32wbxx_ll_rcc.h:2851:22:LL_RCC_EnableRTC	4	static
stm32wbxx_ll_rcc.h:2861:22:LL_RCC_DisableRTC	4	static
stm32wbxx_ll_bus.h:508:22:LL_AHB2_GRP1_EnableClock	24	static
stm32wbxx_ll_bus.h:706:22:LL_AHB3_GRP1_EnableClock	24	static
stm32wbxx_ll_bus.h:894:22:LL_APB1_GRP1_EnableClock	24	static
stm32wbxx_ll_bus.h:989:22:LL_APB1_GRP1_DisableClock	16	static
stm32wbxx_ll_bus.h:1213:22:LL_APB2_GRP1_EnableClock	24	static
stm32wbxx_ll_bus.h:1261:22:LL_APB2_GRP1_DisableClock	16	static
stm32wbxx_ll_system.h:544:22:LL_SYSCFG_EnableFastModePlus	16	static
stm32wbxx_hal_msp.c:67:6:HAL_MspInit	16	static
stm32wbxx_hal_msp.c:99:6:HAL_I2C_MspInit	40	static
stm32wbxx_hal_msp.c:144:6:HAL_I2C_MspDeInit	16	static
stm32wbxx_hal_msp.c:176:6:HAL_RTC_MspInit	16	static
stm32wbxx_hal_msp.c:198:6:HAL_RTC_MspDeInit	16	static
stm32wbxx_hal_msp.c:220:6:HAL_TIM_Base_MspInit	16	static
stm32wbxx_hal_msp.c:269:6:HAL_TIM_MspPostInit	40	static
stm32wbxx_hal_msp.c:301:6:HAL_TIM_Base_MspDeInit	16	static
stm32wbxx_hal_msp.c:340:6:HAL_UART_MspInit	40	static
stm32wbxx_hal_msp.c:376:6:HAL_UART_MspDeInit	16	static
stm32wbxx_hal_msp.c:405:6:HAL_PCD_MspInit	40	static
stm32wbxx_hal_msp.c:441:6:HAL_PCD_MspDeInit	16	static
