stm32wbxx_it.c:74:6:NMI_Handler	4	static
stm32wbxx_it.c:87:6:HardFault_Handler	4	static
stm32wbxx_it.c:102:6:MemManage_Handler	4	static
stm32wbxx_it.c:117:6:BusFault_Handler	4	static
stm32wbxx_it.c:132:6:UsageFault_Handler	4	static
stm32wbxx_it.c:147:6:SVC_Handler	4	static
stm32wbxx_it.c:160:6:DebugMon_Handler	4	static
stm32wbxx_it.c:173:6:PendSV_Handler	4	static
stm32wbxx_it.c:186:6:SysTick_Handler	8	static
stm32wbxx_it.c:208:6:DMA1_Channel1_IRQHandler	8	static
stm32wbxx_it.c:222:6:TIM2_IRQHandler	8	static
stm32wbxx_it.c:236:6:I2C1_EV_IRQHandler	8	static
stm32wbxx_it.c:250:6:I2C1_ER_IRQHandler	8	static
stm32wbxx_it.c:264:6:DMAMUX1_OVR_IRQHandler	4	static
stm32wbxx_it.c:279:6:RTC_WKUP_IRQHandler	8	static
stm32wbxx_it.c:287:6:IPCC_C1_RX_IRQHandler	8	static
stm32wbxx_it.c:295:6:IPCC_C1_TX_IRQHandler	8	static
