sensor.h:21:5:sensor::sensor()	16	static
THPSensor.h:70:10:void THPSensor::setTemperatureNotifyStatus(uint8_t)	16	static
THPSensor.h:71:10:void THPSensor::setPressureNotifyStatus(uint8_t)	16	static
THPSensor.h:72:10:void THPSensor::setHumidityNotifyStatus(uint8_t)	16	static
i2c_bus.h:25:10:bool i2c_bus::transfer_ready()	16	static
gthr-default.h:229:1:int __gthread_key_delete(__gthread_key_t)	16	static
THPSensor.cpp:33:16:int16_t ReadTemperature(int32_t, CALIBRATION)	32	static
THPSensor.cpp:43:17:uint32_t ReadPressure(int32_t, CALIBRATION)	72	static
THPSensor.cpp:67:17:uint16_t ReadHumidity(int32_t, CALIBRATION)	48	static
THPSensor.cpp:87:1:THPSensor::THPSensor()	16	static
THPSensor.cpp:97:6:void THPSensor::checkAnswerTimeout()	16	static
THPSensor.cpp:104:6:void THPSensor::init()	24	static
THPSensor.cpp:138:6:virtual void THPSensor::calibrate()	16	static
THPSensor.cpp:229:6:void THPSensor::configure()	16	static
THPSensor.cpp:289:6:virtual void THPSensor::measure()	72	static
THPSensor.cpp:348:6:virtual void THPSensor::task()	16	static
