gthr-default.h:229:1:int __gthread_key_delete(__gthread_key_t)	16	static
timer.h:16:5:Timer::Timer()	16	static
timer.h:18:5:Timer::~Timer()	16	static
timer.cpp:5:19:void __tcf_0()	8	static
timer.cpp:3:8:static Timer& Timer::GetInstance()	8	static
timer.cpp:9:6:void Timer::Tick()	16	static
timer.cpp:14:6:void Timer::ArmTimer(uint32_t)	16	static
timer.cpp:19:6:bool Timer::IsTimerElapsed(uint32_t, uint32_t)	32	static
array:193:7:std::array<_Tp, _Nm>::value_type& std::array<_Tp, _Nm>::at(std::array<_Tp, _Nm>::size_type) [with _Tp = long unsigned int; unsigned int _Nm = 1]	16	static
array:55:7:static constexpr _Tp& std::__array_traits<_Tp, _Nm>::_S_ref(const _Tp (&)[_Nm], std::size_t) [with _Tp = long unsigned int; unsigned int _Nm = 1]	16	static
