tl_mbox.c:70:6:TL_Enable	8	static
tl_mbox.c:78:6:TL_Init	8	static
tl_mbox.c:98:9:TL_BLE_Init	24	static
tl_mbox.c:121:9:TL_BLE_SendCmd	16	static
tl_mbox.c:133:6:HW_IPCC_BLE_RxEvtNot	16	static
tl_mbox.c:147:9:TL_BLE_SendAclData	16	static
tl_mbox.c:159:6:HW_IPCC_BLE_AclDataAckNot	8	static
tl_mbox.c:169:9:TL_SYS_Init	24	static
tl_mbox.c:188:9:TL_SYS_SendCmd	16	static
tl_mbox.c:200:6:HW_IPCC_SYS_CmdEvtNot	8	static
tl_mbox.c:207:6:HW_IPCC_SYS_EvtNot	16	static
tl_mbox.c:489:6:TL_MM_Init	16	static
tl_mbox.c:509:6:TL_MM_EvtDone	16	static
tl_mbox.c:518:13:SendFreeBuf	16	static
tl_mbox.c:535:6:TL_TRACES_Init	8	static
tl_mbox.c:546:6:HW_IPCC_TRACES_EvtNot	16	static
tl_mbox.c:559:13:TL_TRACES_EvtReceived	16	static
